<html>
<body>
<pre>
<h1>µVision Build Log</h1>
<h2>Project:</h2>
H:\FR_AVR\RnD\FreeRTOSV8.0.0_Modified\FreeRTOS\Demo\CORTEX_STM32L152_Discovery_Keil\freertos_keil.uvproj
Project File Date:  11/28/2016

<h2>Output:</h2>
Build target 'Target 1'
compiling port.c...
linking...
Program Size: Code=20434 RO-data=298 RW-data=172 ZI-data=16172  
".\Debug\freertos_keil.axf" - 0 Error(s), 0 Warning(s).
Clean started: Project: 'freertos_keil'
   deleting intermediate output files for target 'Target 1'
</pre>
</body>
</html>
nformation, 0 warning and 1 error messages.
".\Debug\freertos_keil.axf" - 1 Error(s), 0 Warning(s).
Target not created
:  #223-D: function "vAssertCalled" declared implicitly
        configASSERT( uxCriticalNesting );
..\..\Source\portable\RVDS\ARM_CM3\port.c(688): warning:  #223-D: function "vAssertCalled" declared implicitly
                        configASSERT( ucCurrentPriority >= ucMaxSysCallPriority );
..\..\Source\portable\RVDS\ARM_CM3\port.c(704): warning:  #223-D: function "vAssertCalled" declared implicitly
                configASSERT( ( portAIRCR_REG & portPRIORITY_GROUP_MASK ) <= ulMaxPRIGROUPValue );
..\..\Source\portable\RVDS\ARM_CM3\port.c: 5 warnings, 0 errors
linking...
.\Debug\freertos_keil.axf: Error: L6200E: Symbol vPortSetupTimerInterrupt multiply defined (by port.o and stm32l_low_power_tick_management.o).
Not enough information to list image symbols.
Not enough information to list the image map.
Finished: 2 information, 0 warning and 1 error messages.
".\Debug\freertos_keil.axf" - 1 Error(s), 5 Warning(s).
Target not created
rce\portable\RVDS\ARM_CM3\port.c: 5 warnings, 2 errors
".\Debug\freertos_keil.axf" - 2 Error(s), 5 Warning(s).
Target not created
3): error:  #20: identifier "SystemCoreClock" is undefined
                portNVIC_SYSTICK_LOAD_REG = ( configSYSTICK_CLOCK_HZ / configTICK_RATE_HZ ) - 1UL;
..\..\Source\portable\RVDS\ARM_CM3\port.c(688): warning:  #223-D: function "vAssertCalled" declared implicitly
                        configASSERT( ucCurrentPriority >= ucMaxSysCallPriority );
..\..\Source\portable\RVDS\ARM_CM3\port.c(704): warning:  #223-D: function "vAssertCalled" declared implicitly
                configASSERT( ( portAIRCR_REG & portPRIORITY_GROUP_MASK ) <= ulMaxPRIGROUPValue );
..\..\Source\portable\RVDS\ARM_CM3\port.c: 5 warnings, 2 errors
compiling BlockQ.c...
compiling blocktim.c...
compiling countsem.c...
compiling dynamic.c...
compiling GenQTest.c...
compiling PollQ.c...
compiling recmutex.c...
compiling semtest.c...
compiling stm32l_discovery_lcd.c...
compiling misc.c...
compiling stm32l1xx_exti.c...
compiling stm32l1xx_gpio.c...
compiling stm32l1xx_lcd.c...
compiling stm32l1xx_pwr.c...
compiling stm32l1xx_rcc.c...
compiling stm32l1xx_rtc.c...
compiling stm32l1xx_syscfg.c...
compiling stm32l1xx_tim.c...
compiling stm32l1xx_adc.c...
compiling stm32l1xx_aes.c...
compiling stm32l1xx_aes_util.c...
compiling stm32l1xx_comp.c...
compiling stm32l1xx_crc.c...
compiling stm32l1xx_dac.c...
compiling stm32l1xx_dbgmcu.c...
compiling stm32l1xx_dma.c...
compiling stm32l1xx_flash_ramfunc.c...
compiling stm32l1xx_fsmc.c...
compiling stm32l1xx_i2c.c...
compiling stm32l1xx_iwdg.c...
compiling stm32l1xx_opamp.c...
compiling stm32l1xx_sdio.c...
compiling stm32l1xx_spi.c...
compiling stm32l1xx_usart.c...
compiling stm32l1xx_wwdg.c...
".\Debug\freertos_keil.axf" - 2 Error(s), 7 Warning(s).
Target not created
ng list.c...
.\include\FreeRTOS.h(115): error:  #35: #error directive: Missing definition:  configMINIMAL_STACK_SIZE must be defined in FreeRTOSConfig.h.  configMINIMAL_STACK_SIZE defines the size (in words) of the stack allocated to the idle task.  Refer to the demo project provided for your port for a suitable value.
        #error Missing definition:  configMINIMAL_STACK_SIZE must be defined in FreeRTOSConfig.h.  configMINIMAL_STACK_SIZE defines the size (in words) of the stack allocated to the idle task.  Refer to the demo project provided for your port for a suitable value.
..\..\Source\list.c: 0 warnings, 1 error
compiling queue.c...
.\include\FreeRTOS.h(115): error:  #35: #error directive: Missing definition:  configMINIMAL_STACK_SIZE must be defined in FreeRTOSConfig.h.  configMINIMAL_STACK_SIZE defines the size (in words) of the stack allocated to the idle task.  Refer to the demo project provided for your port for a suitable value.
        #error Missing definition:  configMINIMAL_STACK_SIZE must be defined in FreeRTOSConfig.h.  configMINIMAL_STACK_SIZE defines the size (in words) of the stack allocated to the idle task.  Refer to the demo project provided for your port for a suitable value.
..\..\Source\queue.c: 0 warnings, 1 error
compiling tasks.c...
.\include\FreeRTOS.h(115): error:  #35: #error directive: Missing definition:  configMINIMAL_STACK_SIZE must be defined in FreeRTOSConfig.h.  configMINIMAL_STACK_SIZE defines the size (in words) of the stack allocated to the idle task.  Refer to the demo project provided for your port for a suitable value.
        #error Missing definition:  configMINIMAL_STACK_SIZE must be defined in FreeRTOSConfig.h.  configMINIMAL_STACK_SIZE defines the size (in words) of the stack allocated to the idle task.  Refer to the demo project provided for your port for a suitable value.
..\..\Source\tasks.c: 0 warnings, 1 error
compiling timers.c...
.\include\FreeRTOS.h(115): error:  #35: #error directive: Missing definition:  configMINIMAL_STACK_SIZE must be defined in FreeRTOSConfig.h.  configMINIMAL_STACK_SIZE defines the size (in words) of the stack allocated to the idle task.  Refer to the demo project provided for your port for a suitable value.
        #error Missing definition:  configMINIMAL_STACK_SIZE must be defined in FreeRTOSConfig.h.  configMINIMAL_STACK_SIZE defines the size (in words) of the stack allocated to the idle task.  Refer to the demo project provided for your port for a suitable value.
..\..\Source\timers.c: 0 warnings, 1 error
compiling port.c...
.\include\FreeRTOS.h(115): error:  #35: #error directive: Missing definition:  configMINIMAL_STACK_SIZE must be defined in FreeRTOSConfig.h.  configMINIMAL_STACK_SIZE defines the size (in words) of the stack allocated to the idle task.  Refer to the demo project provided for your port for a suitable value.
        #error Missing definition:  configMINIMAL_STACK_SIZE must be defined in FreeRTOSConfig.h.  configMINIMAL_STACK_SIZE defines the size (in words) of the stack allocated to the idle task.  Refer to the demo project provided for your port for a suitable value.
..\..\Source\portable\RVDS\ARM_CM3\port.c: 0 warnings, 1 error
compiling BlockQ.c...
.\include\FreeRTOS.h(115): error:  #35: #error directive: Missing definition:  configMINIMAL_STACK_SIZE must be defined in FreeRTOSConfig.h.  configMINIMAL_STACK_SIZE defines the size (in words) of the stack allocated to the idle task.  Refer to the demo project provided for your port for a suitable value.
        #error Missing definition:  configMINIMAL_STACK_SIZE must be defined in FreeRTOSConfig.h.  configMINIMAL_STACK_SIZE defines the size (in words) of the stack allocated to the idle task.  Refer to the demo project provided for your port for a suitable value.
..\Common\Minimal\BlockQ.c: 0 warnings, 1 error
compiling blocktim.c...
.\include\FreeRTOS.h(115): error:  #35: #error directive: Missing definition:  configMINIMAL_STACK_SIZE must be defined in FreeRTOSConfig.h.  configMINIMAL_STACK_SIZE defines the size (in words) of the stack allocated to the idle task.  Refer to the demo project provided for your port for a suitable value.
        #error Missing definition:  configMINIMAL_STACK_SIZE must be defined in FreeRTOSConfig.h.  configMINIMAL_STACK_SIZE defines the size (in words) of the stack allocated to the idle task.  Refer to the demo project provided for your port for a suitable value.
..\Common\Minimal\blocktim.c: 0 warnings, 1 error
compiling countsem.c...
.\include\FreeRTOS.h(115): error:  #35: #error directive: Missing definition:  configMINIMAL_STACK_SIZE must be defined in FreeRTOSConfig.h.  configMINIMAL_STACK_SIZE defines the size (in words) of the stack allocated to the idle task.  Refer to the demo project provided for your port for a suitable value.
        #error Missing definition:  configMINIMAL_STACK_SIZE must be defined in FreeRTOSConfig.h.  configMINIMAL_STACK_SIZE defines the size (in words) of the stack allocated to the idle task.  Refer to the demo project provided for your port for a suitable value.
..\Common\Minimal\countsem.c: 0 warnings, 1 error
compiling dynamic.c...
.\include\FreeRTOS.h(115): error:  #35: #error directive: Missing definition:  configMINIMAL_STACK_SIZE must be defined in FreeRTOSConfig.h.  configMINIMAL_STACK_SIZE defines the size (in words) of the stack allocated to the idle task.  Refer to the demo project provided for your port for a suitable value.
        #error Missing definition:  configMINIMAL_STACK_SIZE must be defined in FreeRTOSConfig.h.  configMINIMAL_STACK_SIZE defines the size (in words) of the stack allocated to the idle task.  Refer to the demo project provided for your port for a suitable value.
..\Common\Minimal\dynamic.c: 0 warnings, 1 error
compiling GenQTest.c...
.\include\FreeRTOS.h(115): error:  #35: #error directive: Missing definition:  configMINIMAL_STACK_SIZE must be defined in FreeRTOSConfig.h.  configMINIMAL_STACK_SIZE defines the size (in words) of the stack allocated to the idle task.  Refer to the demo project provided for your port for a suitable value.
        #error Missing definition:  configMINIMAL_STACK_SIZE must be defined in FreeRTOSConfig.h.  configMINIMAL_STACK_SIZE defines the size (in words) of the stack allocated to the idle task.  Refer to the demo project provided for your port for a suitable value.
..\Common\Minimal\GenQTest.c: 0 warnings, 1 error
compiling PollQ.c...
.\include\FreeRTOS.h(115): error:  #35: #error directive: Missing definition:  configMINIMAL_STACK_SIZE must be defined in FreeRTOSConfig.h.  configMINIMAL_STACK_SIZE defines the size (in words) of the stack allocated to the idle task.  Refer to the demo project provided for your port for a suitable value.
        #error Missing definition:  configMINIMAL_STACK_SIZE must be defined in FreeRTOSConfig.h.  configMINIMAL_STACK_SIZE defines the size (in words) of the stack allocated to the idle task.  Refer to the demo project provided for your port for a suitable value.
..\Common\Minimal\PollQ.c: 0 warnings, 1 error
compiling recmutex.c...
.\include\FreeRTOS.h(115): error:  #35: #error directive: Missing definition:  configMINIMAL_STACK_SIZE must be defined in FreeRTOSConfig.h.  configMINIMAL_STACK_SIZE defines the size (in words) of the stack allocated to the idle task.  Refer to the demo project provided for your port for a suitable value.
        #error Missing definition:  configMINIMAL_STACK_SIZE must be defined in FreeRTOSConfig.h.  configMINIMAL_STACK_SIZE defines the size (in words) of the stack allocated to the idle task.  Refer to the demo project provided for your port for a suitable value.
..\Common\Minimal\recmutex.c: 0 warnings, 1 error
compiling semtest.c...
.\include\FreeRTOS.h(115): error:  #35: #error directive: Missing definition:  configMINIMAL_STACK_SIZE must be defined in FreeRTOSConfig.h.  configMINIMAL_STACK_SIZE defines the size (in words) of the stack allocated to the idle task.  Refer to the demo project provided for your port for a suitable value.
        #error Missing definition:  configMINIMAL_STACK_SIZE must be defined in FreeRTOSConfig.h.  configMINIMAL_STACK_SIZE defines the size (in words) of the stack allocated to the idle task.  Refer to the demo project provided for your port for a suitable value.
..\Common\Minimal\semtest.c: 0 warnings, 1 error
".\Debug\freertos_keil.axf" - 18 Error(s), 0 Warning(s).
Target not created
