###############################################################################
#
# IAR ELF Linker V7.80.1.11864/W32 for ARM                08/Nov/2016  17:05:13
# Copyright 2007-2016 IAR Systems AB.
#
#    Output file  =  
#        H:\FreeRTOS_Working\FreeRTOSV8.0.0_updated1\FreeRTOS\Demo\CORTEX_STM32L152_Discovery_IAR\Debug\Exe\RTOSDemo.out
#    Map file     =  
#        H:\FreeRTOS_Working\FreeRTOSV8.0.0_updated1\FreeRTOS\Demo\CORTEX_STM32L152_Discovery_IAR\Debug\List\RTOSDemo.map
#    Command line =  
#        H:\FreeRTOS_Working\FreeRTOSV8.0.0_updated1\FreeRTOS\Demo\CORTEX_STM32L152_Discovery_IAR\Debug\Obj\BlockQ.o
#        H:\FreeRTOS_Working\FreeRTOSV8.0.0_updated1\FreeRTOS\Demo\CORTEX_STM32L152_Discovery_IAR\Debug\Obj\blocktim.o
#        H:\FreeRTOS_Working\FreeRTOSV8.0.0_updated1\FreeRTOS\Demo\CORTEX_STM32L152_Discovery_IAR\Debug\Obj\countsem.o
#        H:\FreeRTOS_Working\FreeRTOSV8.0.0_updated1\FreeRTOS\Demo\CORTEX_STM32L152_Discovery_IAR\Debug\Obj\dynamic.o
#        H:\FreeRTOS_Working\FreeRTOSV8.0.0_updated1\FreeRTOS\Demo\CORTEX_STM32L152_Discovery_IAR\Debug\Obj\event_groups.o
#        H:\FreeRTOS_Working\FreeRTOSV8.0.0_updated1\FreeRTOS\Demo\CORTEX_STM32L152_Discovery_IAR\Debug\Obj\GenQTest.o
#        H:\FreeRTOS_Working\FreeRTOSV8.0.0_updated1\FreeRTOS\Demo\CORTEX_STM32L152_Discovery_IAR\Debug\Obj\heap_4.o
#        H:\FreeRTOS_Working\FreeRTOSV8.0.0_updated1\FreeRTOS\Demo\CORTEX_STM32L152_Discovery_IAR\Debug\Obj\list.o
#        H:\FreeRTOS_Working\FreeRTOSV8.0.0_updated1\FreeRTOS\Demo\CORTEX_STM32L152_Discovery_IAR\Debug\Obj\main.o
#        H:\FreeRTOS_Working\FreeRTOSV8.0.0_updated1\FreeRTOS\Demo\CORTEX_STM32L152_Discovery_IAR\Debug\Obj\main_full.o
#        H:\FreeRTOS_Working\FreeRTOSV8.0.0_updated1\FreeRTOS\Demo\CORTEX_STM32L152_Discovery_IAR\Debug\Obj\main_low_power.o
#        H:\FreeRTOS_Working\FreeRTOSV8.0.0_updated1\FreeRTOS\Demo\CORTEX_STM32L152_Discovery_IAR\Debug\Obj\misc.o
#        H:\FreeRTOS_Working\FreeRTOSV8.0.0_updated1\FreeRTOS\Demo\CORTEX_STM32L152_Discovery_IAR\Debug\Obj\PollQ.o
#        H:\FreeRTOS_Working\FreeRTOSV8.0.0_updated1\FreeRTOS\Demo\CORTEX_STM32L152_Discovery_IAR\Debug\Obj\port.o
#        H:\FreeRTOS_Working\FreeRTOSV8.0.0_updated1\FreeRTOS\Demo\CORTEX_STM32L152_Discovery_IAR\Debug\Obj\portasm.o
#        H:\FreeRTOS_Working\FreeRTOSV8.0.0_updated1\FreeRTOS\Demo\CORTEX_STM32L152_Discovery_IAR\Debug\Obj\queue.o
#        H:\FreeRTOS_Working\FreeRTOSV8.0.0_updated1\FreeRTOS\Demo\CORTEX_STM32L152_Discovery_IAR\Debug\Obj\recmutex.o
#        H:\FreeRTOS_Working\FreeRTOSV8.0.0_updated1\FreeRTOS\Demo\CORTEX_STM32L152_Discovery_IAR\Debug\Obj\semtest.o
#        H:\FreeRTOS_Working\FreeRTOSV8.0.0_updated1\FreeRTOS\Demo\CORTEX_STM32L152_Discovery_IAR\Debug\Obj\startup_stm32l1xx_md.o
#        H:\FreeRTOS_Working\FreeRTOSV8.0.0_updated1\FreeRTOS\Demo\CORTEX_STM32L152_Discovery_IAR\Debug\Obj\stm32l1xx_adc.o
#        H:\FreeRTOS_Working\FreeRTOSV8.0.0_updated1\FreeRTOS\Demo\CORTEX_STM32L152_Discovery_IAR\Debug\Obj\stm32l1xx_aes.o
#        H:\FreeRTOS_Working\FreeRTOSV8.0.0_updated1\FreeRTOS\Demo\CORTEX_STM32L152_Discovery_IAR\Debug\Obj\stm32l1xx_aes_util.o
#        H:\FreeRTOS_Working\FreeRTOSV8.0.0_updated1\FreeRTOS\Demo\CORTEX_STM32L152_Discovery_IAR\Debug\Obj\stm32l1xx_comp.o
#        H:\FreeRTOS_Working\FreeRTOSV8.0.0_updated1\FreeRTOS\Demo\CORTEX_STM32L152_Discovery_IAR\Debug\Obj\stm32l1xx_crc.o
#        H:\FreeRTOS_Working\FreeRTOSV8.0.0_updated1\FreeRTOS\Demo\CORTEX_STM32L152_Discovery_IAR\Debug\Obj\stm32l1xx_dac.o
#        H:\FreeRTOS_Working\FreeRTOSV8.0.0_updated1\FreeRTOS\Demo\CORTEX_STM32L152_Discovery_IAR\Debug\Obj\stm32l1xx_dbgmcu.o
#        H:\FreeRTOS_Working\FreeRTOSV8.0.0_updated1\FreeRTOS\Demo\CORTEX_STM32L152_Discovery_IAR\Debug\Obj\stm32l1xx_dma.o
#        H:\FreeRTOS_Working\FreeRTOSV8.0.0_updated1\FreeRTOS\Demo\CORTEX_STM32L152_Discovery_IAR\Debug\Obj\stm32l1xx_exti.o
#        H:\FreeRTOS_Working\FreeRTOSV8.0.0_updated1\FreeRTOS\Demo\CORTEX_STM32L152_Discovery_IAR\Debug\Obj\stm32l1xx_flash_ramfunc.o
#        H:\FreeRTOS_Working\FreeRTOSV8.0.0_updated1\FreeRTOS\Demo\CORTEX_STM32L152_Discovery_IAR\Debug\Obj\stm32l1xx_fsmc.o
#        H:\FreeRTOS_Working\FreeRTOSV8.0.0_updated1\FreeRTOS\Demo\CORTEX_STM32L152_Discovery_IAR\Debug\Obj\stm32l1xx_gpio.o
#        H:\FreeRTOS_Working\FreeRTOSV8.0.0_updated1\FreeRTOS\Demo\CORTEX_STM32L152_Discovery_IAR\Debug\Obj\stm32l1xx_i2c.o
#        H:\FreeRTOS_Working\FreeRTOSV8.0.0_updated1\FreeRTOS\Demo\CORTEX_STM32L152_Discovery_IAR\Debug\Obj\stm32l1xx_it.o
#        H:\FreeRTOS_Working\FreeRTOSV8.0.0_updated1\FreeRTOS\Demo\CORTEX_STM32L152_Discovery_IAR\Debug\Obj\stm32l1xx_iwdg.o
#        H:\FreeRTOS_Working\FreeRTOSV8.0.0_updated1\FreeRTOS\Demo\CORTEX_STM32L152_Discovery_IAR\Debug\Obj\stm32l1xx_lcd.o
#        H:\FreeRTOS_Working\FreeRTOSV8.0.0_updated1\FreeRTOS\Demo\CORTEX_STM32L152_Discovery_IAR\Debug\Obj\stm32l1xx_opamp.o
#        H:\FreeRTOS_Working\FreeRTOSV8.0.0_updated1\FreeRTOS\Demo\CORTEX_STM32L152_Discovery_IAR\Debug\Obj\stm32l1xx_pwr.o
#        H:\FreeRTOS_Working\FreeRTOSV8.0.0_updated1\FreeRTOS\Demo\CORTEX_STM32L152_Discovery_IAR\Debug\Obj\stm32l1xx_rcc.o
#        H:\FreeRTOS_Working\FreeRTOSV8.0.0_updated1\FreeRTOS\Demo\CORTEX_STM32L152_Discovery_IAR\Debug\Obj\stm32l1xx_rtc.o
#        H:\FreeRTOS_Working\FreeRTOSV8.0.0_updated1\FreeRTOS\Demo\CORTEX_STM32L152_Discovery_IAR\Debug\Obj\stm32l1xx_sdio.o
#        H:\FreeRTOS_Working\FreeRTOSV8.0.0_updated1\FreeRTOS\Demo\CORTEX_STM32L152_Discovery_IAR\Debug\Obj\stm32l1xx_spi.o
#        H:\FreeRTOS_Working\FreeRTOSV8.0.0_updated1\FreeRTOS\Demo\CORTEX_STM32L152_Discovery_IAR\Debug\Obj\stm32l1xx_syscfg.o
#        H:\FreeRTOS_Working\FreeRTOSV8.0.0_updated1\FreeRTOS\Demo\CORTEX_STM32L152_Discovery_IAR\Debug\Obj\stm32l1xx_tim.o
#        H:\FreeRTOS_Working\FreeRTOSV8.0.0_updated1\FreeRTOS\Demo\CORTEX_STM32L152_Discovery_IAR\Debug\Obj\stm32l1xx_usart.o
#        H:\FreeRTOS_Working\FreeRTOSV8.0.0_updated1\FreeRTOS\Demo\CORTEX_STM32L152_Discovery_IAR\Debug\Obj\stm32l1xx_wwdg.o
#        H:\FreeRTOS_Working\FreeRTOSV8.0.0_updated1\FreeRTOS\Demo\CORTEX_STM32L152_Discovery_IAR\Debug\Obj\stm32l_discovery_lcd.o
#        H:\FreeRTOS_Working\FreeRTOSV8.0.0_updated1\FreeRTOS\Demo\CORTEX_STM32L152_Discovery_IAR\Debug\Obj\STM32L_low_power_tick_management.o
#        H:\FreeRTOS_Working\FreeRTOSV8.0.0_updated1\FreeRTOS\Demo\CORTEX_STM32L152_Discovery_IAR\Debug\Obj\system_stm32l1xx.o
#        H:\FreeRTOS_Working\FreeRTOSV8.0.0_updated1\FreeRTOS\Demo\CORTEX_STM32L152_Discovery_IAR\Debug\Obj\tasks.o
#        H:\FreeRTOS_Working\FreeRTOSV8.0.0_updated1\FreeRTOS\Demo\CORTEX_STM32L152_Discovery_IAR\Debug\Obj\timers.o
#        --redirect _Printf=_PrintfTiny --redirect _Scanf=_ScanfSmallNoMb -o
#        H:\FreeRTOS_Working\FreeRTOSV8.0.0_updated1\FreeRTOS\Demo\CORTEX_STM32L152_Discovery_IAR\Debug\Exe\RTOSDemo.out
#        --map
#        H:\FreeRTOS_Working\FreeRTOSV8.0.0_updated1\FreeRTOS\Demo\CORTEX_STM32L152_Discovery_IAR\Debug\List\RTOSDemo.map
#        --config
#        H:\FreeRTOS_Working\FreeRTOSV8.0.0_updated1\FreeRTOS\Demo\CORTEX_STM32L152_Discovery_IAR\stm32l1xx_flash.icf
#        --entry __iar_program_start --vfe
#
###############################################################################

*******************************************************************************
*** RUNTIME MODEL ATTRIBUTES
***

CppFlavor       = *
__SystemLibrary = DLib


*******************************************************************************
*** PLACEMENT SUMMARY
***

"A0":  place at 0x08000000 { ro section .intvec };
"P1":  place in [from 0x08000000 to 0x0801ffff] { ro };
"P2":  place in [from 0x20000000 to 0x20003fff] { rw, block CSTACK, block HEAP };
initialize by copy { rw };

  Section            Kind        Address    Size  Object
  -------            ----        -------    ----  ------
"A0":                                       0xf4
  .intvec            ro code  0x08000000    0xf4  startup_stm32l1xx_md.o [1]
                            - 0x080000f4    0xf4

"P1":                                     0x208a
  .text              ro code  0x080000f4   0x868  tasks.o [1]
  .text              ro code  0x0800095c   0x1cc  main.o [1]
  .text              ro code  0x08000b28   0x154  port.o [1]
  .text              ro code  0x08000c7c    0x9e  list.o [1]
  .rodata            const    0x08000d1a     0x2  heap_4.o [1]
  CODE               ro code  0x08000d1c    0x90  portasm.o [1]
  .text              ro code  0x08000dac    0x62  memcmp_unaligned.o [4]
  .text              ro code  0x08000e10   0x2f4  STM32L_low_power_tick_management.o [1]
  .text              ro code  0x08001104   0x250  heap_4.o [1]
  .text              ro code  0x08001354    0x66  ABImemset.o [4]
  .text              ro code  0x080013bc    0x6c  main_low_power.o [1]
  .text              ro code  0x08001428   0x230  system_stm32l1xx.o [1]
  .text              ro code  0x08001658    0xb0  misc.o [1]
  .text              ro code  0x08001708   0x1a0  stm32l1xx_rcc.o [1]
  .text              ro code  0x080018a8    0xb0  stm32l1xx_pwr.o [1]
  .text              ro code  0x08001958    0xfe  stm32l1xx_gpio.o [1]
  .text              ro code  0x08001a58    0x54  stm32l1xx_syscfg.o [1]
  .text              ro code  0x08001aac    0xa4  stm32l1xx_exti.o [1]
  .text              ro code  0x08001b50   0x16a  stm32l1xx_usart.o [1]
  .text              ro code  0x08001cbc    0xaa  stm32l1xx_tim.o [1]
  .rodata            const    0x08001d68    0x80  STM32L_low_power_tick_management.o [1]
  .rodata            const    0x08001de8    0x5c  port.o [1]
  .rodata            const    0x08001e44    0x58  heap_4.o [1]
  .rodata            const    0x08001e9c    0x44  tasks.o [1]
  .text              ro code  0x08001ee0    0x40  zero_init3.o [4]
  .text              ro code  0x08001f20    0x38  packbits_init_single.o [4]
  .text              ro code  0x08001f58    0x28  data_init.o [4]
  .text              ro code  0x08001f80    0x24  stm32l1xx_rtc.o [1]
  .iar.init_table    const    0x08001fa4    0x20  - Linker created -
  .text              ro code  0x08001fc4    0x20  stm32l1xx_it.o [1]
  .text              ro code  0x08001fe4    0x1a  cmain.o [4]
  .text              ro code  0x08001ffe     0x4  low_level_init.o [3]
  .text              ro code  0x08002002     0x4  exit.o [3]
  .text              ro code  0x08002008     0xa  cexit.o [4]
  .text              ro code  0x08002014     0xc  XXexit.o [4]
  .rodata            const    0x08002020    0x14  tasks.o [1]
  .text              ro code  0x08002034    0x10  startup_stm32l1xx_md.o [1]
  .text              ro code  0x08002044     0xc  cstartup_M.o [4]
  .rodata            const    0x08002050     0x8  main_low_power.o [1]
  .rodata            const    0x08002058     0x8  tasks.o [1]
  .rodata            const    0x08002060     0x4  heap_4.o [1]
  .rodata            const    0x08002064     0x4  STM32L_low_power_tick_management.o [1]
  .text              ro code  0x08002068     0x4  startup_stm32l1xx_md.o [1]
  .text              ro code  0x0800206c     0x4  startup_stm32l1xx_md.o [1]
  .text              ro code  0x08002070     0x4  startup_stm32l1xx_md.o [1]
  .text              ro code  0x08002074     0x4  startup_stm32l1xx_md.o [1]
  .text              ro code  0x08002078     0x4  startup_stm32l1xx_md.o [1]
  .text              ro code  0x0800207c     0x4  startup_stm32l1xx_md.o [1]
  .text              ro code  0x08002080     0x4  startup_stm32l1xx_md.o [1]
  .text              ro code  0x08002084     0x4  startup_stm32l1xx_md.o [1]
  .text              ro code  0x08002088     0x4  startup_stm32l1xx_md.o [1]
  .text              ro code  0x0800208c     0x4  startup_stm32l1xx_md.o [1]
  .text              ro code  0x08002090     0x4  startup_stm32l1xx_md.o [1]
  .text              ro code  0x08002094     0x4  startup_stm32l1xx_md.o [1]
  .text              ro code  0x08002098     0x4  startup_stm32l1xx_md.o [1]
  .text              ro code  0x0800209c     0x4  startup_stm32l1xx_md.o [1]
  .text              ro code  0x080020a0     0x4  startup_stm32l1xx_md.o [1]
  .text              ro code  0x080020a4     0x4  startup_stm32l1xx_md.o [1]
  .text              ro code  0x080020a8     0x4  startup_stm32l1xx_md.o [1]
  .text              ro code  0x080020ac     0x4  startup_stm32l1xx_md.o [1]
  .text              ro code  0x080020b0     0x4  startup_stm32l1xx_md.o [1]
  .text              ro code  0x080020b4     0x4  startup_stm32l1xx_md.o [1]
  .text              ro code  0x080020b8     0x4  startup_stm32l1xx_md.o [1]
  .text              ro code  0x080020bc     0x4  startup_stm32l1xx_md.o [1]
  .text              ro code  0x080020c0     0x4  startup_stm32l1xx_md.o [1]
  .text              ro code  0x080020c4     0x4  startup_stm32l1xx_md.o [1]
  .text              ro code  0x080020c8     0x4  startup_stm32l1xx_md.o [1]
  .text              ro code  0x080020cc     0x4  startup_stm32l1xx_md.o [1]
  .text              ro code  0x080020d0     0x4  startup_stm32l1xx_md.o [1]
  .text              ro code  0x080020d4     0x4  startup_stm32l1xx_md.o [1]
  .text              ro code  0x080020d8     0x4  startup_stm32l1xx_md.o [1]
  .text              ro code  0x080020dc     0x4  startup_stm32l1xx_md.o [1]
  .text              ro code  0x080020e0     0x4  startup_stm32l1xx_md.o [1]
  .text              ro code  0x080020e4     0x4  startup_stm32l1xx_md.o [1]
  .text              ro code  0x080020e8     0x4  startup_stm32l1xx_md.o [1]
  .text              ro code  0x080020ec     0x4  startup_stm32l1xx_md.o [1]
  .text              ro code  0x080020f0     0x4  startup_stm32l1xx_md.o [1]
  .text              ro code  0x080020f4     0x4  startup_stm32l1xx_md.o [1]
  .text              ro code  0x080020f8     0x4  startup_stm32l1xx_md.o [1]
  .text              ro code  0x080020fc     0x4  startup_stm32l1xx_md.o [1]
  .text              ro code  0x08002100     0x4  startup_stm32l1xx_md.o [1]
  .text              ro code  0x08002104     0x4  startup_stm32l1xx_md.o [1]
  .text              ro code  0x08002108     0x4  startup_stm32l1xx_md.o [1]
  .text              ro code  0x0800210c     0x4  startup_stm32l1xx_md.o [1]
  .text              ro code  0x08002110     0x4  startup_stm32l1xx_md.o [1]
  .text              ro code  0x08002114     0x4  startup_stm32l1xx_md.o [1]
  .text              ro code  0x08002118     0x4  startup_stm32l1xx_md.o [1]
  .text              ro code  0x0800211c     0x4  startup_stm32l1xx_md.o [1]
  .text              ro code  0x08002120     0x4  startup_stm32l1xx_md.o [1]
  .text              ro code  0x08002124     0x4  startup_stm32l1xx_md.o [1]
  .text              ro code  0x08002128     0x4  startup_stm32l1xx_md.o [1]
  .text              ro code  0x0800212c     0x4  startup_stm32l1xx_md.o [1]
  .text              ro code  0x08002130     0x4  startup_stm32l1xx_md.o [1]
  .text              ro code  0x08002134     0x4  startup_stm32l1xx_md.o [1]
  .text              ro code  0x08002138     0x4  startup_stm32l1xx_md.o [1]
  .text              ro code  0x0800213c     0x4  startup_stm32l1xx_md.o [1]
  .rodata            const    0x08002140     0x0  zero_init3.o [4]
  .rodata            const    0x08002140     0x0  packbits_init_single.o [4]
  Initializer bytes  const    0x08002140    0x3e  <for P2-1>
                            - 0x0800217e  0x208a

"P2", part 1 of 3:                          0x4c
  P2-1                        0x20000000    0x4c  <Init block>
    .data            inited   0x20000000     0x4  heap_4.o [1]
    .data            inited   0x20000004     0x4  heap_4.o [1]
    .data            inited   0x20000008     0x4  port.o [1]
    .data            inited   0x2000000c     0xc  stm32l1xx_rcc.o [1]
    .data            inited   0x20000018    0x10  stm32l1xx_rcc.o [1]
    .data            inited   0x20000028     0x4  system_stm32l1xx.o [1]
    .data            inited   0x2000002c     0xc  system_stm32l1xx.o [1]
    .data            inited   0x20000038    0x10  system_stm32l1xx.o [1]
    .data            inited   0x20000048     0x4  tasks.o [1]
                            - 0x2000004c    0x4c

"P2", part 2 of 3:                         0x400
  CSTACK                      0x20000050   0x400  <Block>
    CSTACK           uninit   0x20000050   0x400  <Block tail>
                            - 0x20000450   0x400

"P2", part 3 of 3:                        0x391c
  .bss               zero     0x20000450  0x3800  heap_4.o [1]
  .bss               zero     0x20003c50    0x64  tasks.o [1]
  .bss               zero     0x20003cb4    0x14  tasks.o [1]
  .bss               zero     0x20003cc8    0x14  tasks.o [1]
  .bss               zero     0x20003cdc    0x14  tasks.o [1]
  .bss               zero     0x20003cf0    0x14  tasks.o [1]
  .bss               zero     0x20003d04    0x14  tasks.o [1]
  .bss               zero     0x20003d18     0x8  heap_4.o [1]
  .bss               zero     0x20003d20     0x4  heap_4.o [1]
  .bss               zero     0x20003d24     0x4  heap_4.o [1]
  .bss               zero     0x20003d28     0x4  port.o [1]
  .bss               zero     0x20003d2c     0x4  STM32L_low_power_tick_management.o [1]
  .bss               zero     0x20003d30     0x4  STM32L_low_power_tick_management.o [1]
  .bss               zero     0x20003d34     0x4  tasks.o [1]
  .bss               zero     0x20003d38     0x4  tasks.o [1]
  .bss               zero     0x20003d3c     0x4  tasks.o [1]
  .bss               zero     0x20003d40     0x4  tasks.o [1]
  .bss               zero     0x20003d44     0x4  tasks.o [1]
  .bss               zero     0x20003d48     0x4  tasks.o [1]
  .bss               zero     0x20003d4c     0x4  tasks.o [1]
  .bss               zero     0x20003d50     0x4  tasks.o [1]
  .bss               zero     0x20003d54     0x4  tasks.o [1]
  .bss               zero     0x20003d58     0x4  tasks.o [1]
  .bss               zero     0x20003d5c     0x4  tasks.o [1]
  .bss               zero     0x20003d60     0x4  tasks.o [1]
  .bss               zero     0x20003d64     0x4  tasks.o [1]
  .bss               zero     0x20003d68     0x1  port.o [1]
                            - 0x20003d69  0x3919


*******************************************************************************
*** INIT TABLE
***

          Address     Size
          -------     ----
Zero (__iar_zero_init3)
    1 destination range, total size 0x3919:
          0x20000450  0x3919

Copy/packbits (__iar_packbits_init_single3)
    1 source range, total size 0x3e (81% of destination):
          0x08002140    0x3e
    1 destination range, total size 0x4c:
          0x20000000    0x4c



*******************************************************************************
*** MODULE SUMMARY
***

    Module                              ro code  ro data  rw data
    ------                              -------  -------  -------
H:\FreeRTOS_Working\FreeRTOSV8.0.0_updated1\FreeRTOS\Demo\CORTEX_STM32L152_Discovery_IAR\Debug\Obj: [1]
    STM32L_low_power_tick_management.o      756      132        8
    heap_4.o                                592      100   14 360
    list.o                                  158
    main.o                                  460
    main_low_power.o                        108        8
    misc.o                                  176
    port.o                                  340       95        9
    portasm.o                               144
    startup_stm32l1xx_md.o                  476
    stm32l1xx_exti.o                        164
    stm32l1xx_gpio.o                        254
    stm32l1xx_it.o                           32
    stm32l1xx_pwr.o                         176
    stm32l1xx_rcc.o                         416       23       28
    stm32l1xx_rtc.o                          36
    stm32l1xx_syscfg.o                       84
    stm32l1xx_tim.o                         170
    stm32l1xx_usart.o                       362
    system_stm32l1xx.o                      560       26       32
    tasks.o                               2 152      100      256
    -------------------------------------------------------------
    Total:                                7 616      484   14 693

command line: [2]
    -------------------------------------------------------------
    Total:

dl7M_tln.a: [3]
    exit.o                                    4
    low_level_init.o                          4
    -------------------------------------------------------------
    Total:                                    8

rt7M_tl.a: [4]
    ABImemset.o                             102
    XXexit.o                                 12
    cexit.o                                  10
    cmain.o                                  26
    cstartup_M.o                             12
    data_init.o                              40
    memcmp_unaligned.o                       98
    packbits_init_single.o                   56
    zero_init3.o                             64
    -------------------------------------------------------------
    Total:                                  420

    Gaps                                     12        2
    Linker created                                    32    1 024
-----------------------------------------------------------------
    Grand Total:                          8 056      518   15 717


*******************************************************************************
*** ENTRY LIST
***

Entry                      Address    Size  Type      Object
-----                      -------    ----  ----      ------
.iar.init_table$$Base   0x08001fa4           --   Gb  - Linker created -
.iar.init_table$$Limit  0x08001fc4           --   Gb  - Linker created -
?main                   0x08001fe5          Code  Gb  cmain.o [4]
AHBPrescTable           0x20000038    0x10  Data  Gb  system_stm32l1xx.o [1]
APBAHBPrescTable        0x20000018    0x10  Data  Lc  stm32l1xx_rcc.o [1]
BusFault_Handler        0x08001fcb     0x2  Code  Gb  stm32l1xx_it.o [1]
CSTACK$$Base            0x20000050           --   Gb  - Linker created -
CSTACK$$Limit           0x20000450           --   Gb  - Linker created -
DebugMon_Handler        0x08001fcf     0x2  Code  Gb  stm32l1xx_it.o [1]
EXTI_ClearITPendingBit  0x08001b35     0x6  Code  Gb  stm32l1xx_exti.o [1]
EXTI_Init               0x08001aad    0x88  Code  Gb  stm32l1xx_exti.o [1]
GPIO_Init               0x08001959    0xa4  Code  Gb  stm32l1xx_gpio.o [1]
GPIO_PinAFConfig        0x080019fd    0x5a  Code  Gb  stm32l1xx_gpio.o [1]
HardFault_Handler       0x08001fc7     0x2  Code  Gb  stm32l1xx_it.o [1]
MemManage_Handler       0x08001fc9     0x2  Code  Gb  stm32l1xx_it.o [1]
NMI_Handler             0x08001fc5     0x2  Code  Gb  stm32l1xx_it.o [1]
NVIC_Init               0x08001663    0x6a  Code  Gb  misc.o [1]
NVIC_PriorityGroupConfig
                        0x08001659     0xa  Code  Gb  misc.o [1]
PLLMulTable             0x2000000c     0xc  Data  Lc  stm32l1xx_rcc.o [1]
PLLMulTable             0x2000002c     0xc  Data  Gb  system_stm32l1xx.o [1]
PWR_EnterSTOPMode       0x080018f5    0x3c  Code  Gb  stm32l1xx_pwr.o [1]
PWR_EnterSleepMode      0x080018c1    0x34  Code  Gb  stm32l1xx_pwr.o [1]
PWR_GetFlagStatus       0x08001931    0x1a  Code  Gb  stm32l1xx_pwr.o [1]
PWR_VoltageScalingConfig
                        0x080018a9    0x18  Code  Gb  stm32l1xx_pwr.o [1]
PendSV_Handler          0x08000d1d          Code  Gb  portasm.o [1]
RCC_AHBPeriphClockCmd   0x0800182b    0x1e  Code  Gb  stm32l1xx_rcc.o [1]
RCC_APB1PeriphClockCmd  0x08001867    0x1e  Code  Gb  stm32l1xx_rcc.o [1]
RCC_APB2PeriphClockCmd  0x08001849    0x1e  Code  Gb  stm32l1xx_rcc.o [1]
RCC_GetClocksFreq       0x08001721   0x10a  Code  Gb  stm32l1xx_rcc.o [1]
RCC_MSIRangeConfig      0x08001709    0x18  Code  Gb  stm32l1xx_rcc.o [1]
RTC_ClearITPendingBit   0x08001f81    0x1e  Code  Gb  stm32l1xx_rtc.o [1]
RTC_WKUP_IRQHandler     0x08001fd1    0x14  Code  Gb  stm32l1xx_it.o [1]
Region$$Table$$Base     0x08001fa4           --   Gb  - Linker created -
Region$$Table$$Limit    0x08001fc4           --   Gb  - Linker created -
SVC_Handler             0x08000d6f          Code  Gb  portasm.o [1]
SYSCFG_EXTILineConfig   0x08001a59    0x50  Code  Gb  stm32l1xx_syscfg.o [1]
SetSysClock             0x08001553    0xc6  Code  Gb  system_stm32l1xx.o [1]
SysTick_CLKSourceConfig
                        0x080016cd    0x20  Code  Gb  misc.o [1]
SysTick_Handler         0x08000c41    0x1e  Code  Gb  port.o [1]
SystemCoreClock         0x20000028     0x4  Data  Gb  system_stm32l1xx.o [1]
SystemCoreClockUpdate   0x0800147b    0xd8  Code  Gb  system_stm32l1xx.o [1]
SystemInit              0x08001429    0x52  Code  Gb  system_stm32l1xx.o [1]
TIM2_IRQHandler         0x08000e11    0x36  Code  Gb  STM32L_low_power_tick_management.o [1]
TIM_ClearITPendingBit   0x08001d5f     0x8  Code  Gb  stm32l1xx_tim.o [1]
TIM_Cmd                 0x08001d2d    0x1c  Code  Gb  stm32l1xx_tim.o [1]
TIM_GetCounter          0x08001d29     0x4  Code  Gb  stm32l1xx_tim.o [1]
TIM_ITConfig            0x08001d49    0x16  Code  Gb  stm32l1xx_tim.o [1]
TIM_SetAutoreload       0x08001d25     0x4  Code  Gb  stm32l1xx_tim.o [1]
TIM_SetCounter          0x08001d21     0x4  Code  Gb  stm32l1xx_tim.o [1]
TIM_TimeBaseInit        0x08001cbd    0x4e  Code  Gb  stm32l1xx_tim.o [1]
USART_Cmd               0x08001c41    0x1c  Code  Gb  stm32l1xx_usart.o [1]
USART_ITConfig          0x08001c65    0x56  Code  Gb  stm32l1xx_usart.o [1]
USART_Init              0x08001b51    0xe8  Code  Gb  stm32l1xx_usart.o [1]
USART_SendData          0x08001c5d     0x8  Code  Gb  stm32l1xx_usart.o [1]
UsageFault_Handler      0x08001fcd     0x2  Code  Gb  stm32l1xx_it.o [1]
__aeabi_memset          0x08001355          Code  Gb  ABImemset.o [4]
__cmain                 0x08001fe5          Code  Gb  cmain.o [4]
__exit                  0x08002015          Code  Gb  XXexit.o [4]
__iar_Memset            0x08001355          Code  Gb  ABImemset.o [4]
__iar_Memset_word       0x0800135d          Code  Gb  ABImemset.o [4]
__iar_data_init3        0x08001f59    0x28  Code  Gb  data_init.o [4]
__iar_packbits_init_single3
                        0x08001f21    0x38  Code  Gb  packbits_init_single.o [4]
__iar_program_start     0x08002045          Code  Gb  cstartup_M.o [4]
__iar_unaligned_memcmp  0x08000dad          Code  Gb  memcmp_unaligned.o [4]
__iar_zero_init3        0x08001ee1    0x40  Code  Gb  zero_init3.o [4]
__low_level_init        0x08001fff     0x4  Code  Gb  low_level_init.o [3]
__vector_table          0x08000000          Data  Gb  startup_stm32l1xx_md.o [1]
_call_main              0x08001ff1          Code  Gb  cmain.o [4]
_exit                   0x08002009          Code  Gb  cexit.o [4]
_main                   0x08001ffb          Code  Gb  cmain.o [4]
eTaskConfirmSleepModeStatus
                        0x080006f7    0x3c  Code  Gb  tasks.o [1]
exit                    0x08002003     0x4  Code  Gb  exit.o [3]
heapSTRUCT_SIZE         0x08000d1a     0x2  Data  Lc  heap_4.o [1]
main                    0x0800095d     0xe  Code  Gb  main.o [1]
main_low_power          0x080013eb    0x28  Code  Gb  main_low_power.o [1]
my_task                 0x080013bd    0x2e  Code  Lc  main_low_power.o [1]
prvAddCurrentTaskToDelayedList
                        0x08000849    0x3e  Code  Lc  tasks.o [1]
prvAllocateTCBAndStack  0x08000887    0x54  Code  Lc  tasks.o [1]
prvCheckTasksWaitingTermination
                        0x080007ed    0x5c  Code  Lc  tasks.o [1]
prvDeleteTCB            0x080008db    0x12  Code  Lc  tasks.o [1]
prvGetExpectedIdleTime  0x08000335    0x34  Code  Lc  tasks.o [1]
prvHeapInit             0x08001251    0x7a  Code  Lc  heap_4.o [1]
prvIdleTask             0x0800069d    0x5a  Code  Lc  tasks.o [1]
prvInitialiseTCBVariables
                        0x08000733    0x5e  Code  Lc  tasks.o [1]
prvInitialiseTaskLists  0x08000791    0x58  Code  Lc  tasks.o [1]
prvInsertBlockIntoFreeList
                        0x080012cb    0x62  Code  Lc  heap_4.o [1]
prvResetNextTaskUnblockTime
                        0x080008ed    0x26  Code  Lc  tasks.o [1]
prvSetupHardware        0x08000973   0x168  Code  Lc  main.o [1]
prvTaskExitError        0x08000b45    0x1a  Code  Lc  port.o [1]
pvPortMalloc            0x08001105    0xde  Code  Gb  heap_4.o [1]
pxCurrentTCB            0x20003d34     0x4  Data  Gb  tasks.o [1]
pxDelayedTaskList       0x20003d38     0x4  Data  Lc  tasks.o [1]
pxEnd                   0x20003d20     0x4  Data  Lc  heap_4.o [1]
pxOverflowDelayedTaskList
                        0x20003d3c     0x4  Data  Lc  tasks.o [1]
pxPortInitialiseStack   0x08000b29    0x1c  Code  Gb  port.o [1]
pxReadyTasksLists       0x20003c50    0x64  Data  Lc  tasks.o [1]
ucHeap                  0x20000450  0x3800  Data  Lc  heap_4.o [1]
ucMaxSysCallPriority    0x20003d68     0x1  Data  Lc  port.o [1]
ulMaxPRIGROUPValue      0x20003d28     0x4  Data  Lc  port.o [1]
ulPortSetInterruptMask  0x08000d5b          Code  Gb  portasm.o [1]
ulReloadValueForOneTick
                        0x08002064     0x4  Data  Lc  STM32L_low_power_tick_management.o [1]
ulTickFlag              0x20003d30     0x4  Data  Lc  STM32L_low_power_tick_management.o [1]
uxCriticalNesting       0x20000008     0x4  Data  Lc  port.o [1]
uxCurrentNumberOfTasks  0x20003d44     0x4  Data  Lc  tasks.o [1]
uxListRemove            0x08000cf3    0x28  Code  Gb  list.o [1]
uxPendedTicks           0x20003d54     0x4  Data  Lc  tasks.o [1]
uxSchedulerSuspended    0x20003d64     0x4  Data  Lc  tasks.o [1]
uxTaskNumber            0x20003d60     0x4  Data  Lc  tasks.o [1]
uxTasksDeleted          0x20003d40     0x4  Data  Lc  tasks.o [1]
uxTopReadyPriority      0x20003d4c     0x4  Data  Lc  tasks.o [1]
vApplicationIdleHook    0x08000af9     0x2  Code  Gb  main.o [1]
vApplicationMallocFailedHook
                        0x08000af1     0x8  Code  Gb  main.o [1]
vApplicationStackOverflowHook
                        0x08000afb     0xc  Code  Gb  main.o [1]
vApplicationTickHook    0x08000b07     0x2  Code  Gb  main.o [1]
vAssertCalled           0x08000b09    0x20  Code  Gb  main.o [1]
vListInitialise         0x08000c7d    0x1e  Code  Gb  list.o [1]
vListInitialiseItem     0x08000c9b     0x6  Code  Gb  list.o [1]
vListInsert             0x08000cb9    0x3a  Code  Gb  list.o [1]
vListInsertEnd          0x08000ca1    0x18  Code  Gb  list.o [1]
vMainPostStopProcessing
                        0x0800096b     0x8  Code  Gb  main.o [1]
vPortClearInterruptMask
                        0x08000d69          Code  Gb  portasm.o [1]
vPortEnterCritical      0x08000bf9    0x1a  Code  Gb  port.o [1]
vPortExitCritical       0x08000c13    0x2e  Code  Gb  port.o [1]
vPortFree               0x080011e3    0x6e  Code  Gb  heap_4.o [1]
vPortSetupTimerInterrupt
                        0x08000e47    0x94  Code  Gb  STM32L_low_power_tick_management.o [1]
vPortStartFirstTask     0x08000d8f          Code  Gb  portasm.o [1]
vPortSuppressTicksAndSleep
                        0x08000edd   0x206  Code  Gb  STM32L_low_power_tick_management.o [1]
vPortYield              0x08000be7    0x12  Code  Gb  port.o [1]
vTaskDelay              0x0800025f    0x72  Code  Gb  tasks.o [1]
vTaskStartScheduler     0x080002d1    0x54  Code  Gb  tasks.o [1]
vTaskStepTick           0x08000457    0x30  Code  Gb  tasks.o [1]
vTaskSuspendAll         0x08000325    0x10  Code  Gb  tasks.o [1]
vTaskSwitchContext      0x080005c5    0xb2  Code  Gb  tasks.o [1]
vTaskSwitchContext{1}{3}{6}::ucExpectedStackBytes
                        0x08002020    0x14  Data  Lc  tasks.o [1]
xBlockAllocatedBit      0x20003d24     0x4  Data  Lc  heap_4.o [1]
xDelayedTaskList1       0x20003cb4    0x14  Data  Lc  tasks.o [1]
xDelayedTaskList2       0x20003cc8    0x14  Data  Lc  tasks.o [1]
xFreeBytesRemaining     0x20000000     0x4  Data  Lc  heap_4.o [1]
xMaximumPossibleSuppressedTicks
                        0x20003d2c     0x4  Data  Lc  STM32L_low_power_tick_management.o [1]
xMinimumEverFreeBytesRemaining
                        0x20000004     0x4  Data  Lc  heap_4.o [1]
xNextTaskUnblockTime    0x20000048     0x4  Data  Lc  tasks.o [1]
xNumOfOverflows         0x20003d5c     0x4  Data  Lc  tasks.o [1]
xPendingReadyList       0x20003cdc    0x14  Data  Lc  tasks.o [1]
xPortStartScheduler     0x08000b5f    0x88  Code  Gb  port.o [1]
xSchedulerRunning       0x20003d50     0x4  Data  Lc  tasks.o [1]
xStart                  0x20003d18     0x8  Data  Lc  heap_4.o [1]
xSuspendedTaskList      0x20003d04    0x14  Data  Lc  tasks.o [1]
xTaskGenericCreate      0x080000f5   0x16a  Code  Gb  tasks.o [1]
xTaskIncrementTick      0x08000487   0x13e  Code  Gb  tasks.o [1]
xTaskResumeAll          0x08000369    0xee  Code  Gb  tasks.o [1]
xTasksWaitingTermination
                        0x20003cf0    0x14  Data  Lc  tasks.o [1]
xTickCount              0x20003d48     0x4  Data  Lc  tasks.o [1]
xTotalHeapSize          0x08002060     0x4  Data  Lc  heap_4.o [1]
xYieldPending           0x20003d58     0x4  Data  Lc  tasks.o [1]


[1] = H:\FreeRTOS_Working\FreeRTOSV8.0.0_updated1\FreeRTOS\Demo\CORTEX_STM32L152_Discovery_IAR\Debug\Obj
[2] = command line
[3] = dl7M_tln.a
[4] = rt7M_tl.a

   8 056 bytes of readonly  code memory
     518 bytes of readonly  data memory
  15 717 bytes of readwrite data memory

Errors: none
Warnings: none
